#
# This file has two meanings.
# First create these directories on dbwebb init-me in the me-dir.
# Map item to dirname while doing, for example, dbwebb validate lab1
#

# flask directory
me/flask

# kmom01
me/kmom01/lab1
me/kmom01/my_app

# kmom02
me/kmom02/lab2
me/kmom02/relations

# kmom03
me/kmom03/uml
me/kmom03/war

# kmom04
me/kmom04/queue
me/kmom04/list

# kmom05
me/kmom05/lab3
me/kmom05/sort

# kmom06
me/kmom06
me/kmom06/booking

# kmom10
me/kmom10
me/kmom10/blackops

# --------------------------------------------------------------------------
#
# Inspect
#
#make dbwebb-inspect options="--yes --no-validate" what=kmom01
#make dbwebb-inspect options="--yes --no-validate" what=kmom02
#make dbwebb-inspect options="--yes --no-validate" what=kmom03
#make dbwebb-inspect options="--yes --no-validate" what=kmom04
#make dbwebb-inspect options="--yes --no-validate" what=kmom05
#make dbwebb-inspect options="--yes --no-validate" what=kmom06
#make dbwebb-inspect options="--yes --no-validate" what=kmom10
